// Vitest Snapshot v1, https://vitest.dev/guide/snapshot.html

exports[`Tests Survey > renders properly 1`] = `
<surveycomponent
  model="[object Object]"
/>
`;
